// Jest Snapshot v1, https://goo.gl/fbAQLP

exports[`Generated result testing called should match snapshot 1`] = `
Array [
  Array [
    Array [
      "randomUser",
      "{}",
    ],
    Array [],
    Object {
      "id": "TEST",
      "name": "TEST",
    },
  ],
  Array [
    Array [
      "createManyAdmin",
      "{\\"0\\":{\\"name\\":\\"TEST\\",\\"role\\":\\"role\\"}}",
    ],
    Array [
      Object {
        "name": "TEST",
        "role": "role",
      },
    ],
    Promise {},
  ],
  Array [
    Array [
      "callback",
      "{\\"0\\":\\"_$$ND_FUNC$$_() => function () {\\\\n            return 'x';\\\\n        }\\"}",
    ],
    Array [
      [Function],
    ],
    "y",
  ],
  Array [
    Array [
      "callback",
      "{\\"0\\":\\"_$$ND_FUNC$$_function () {\\\\n            return 'x';\\\\n        }\\"}",
    ],
    Array [
      [Function],
    ],
    "z",
  ],
  Array [
    Array [
      "gen",
      "{\\"0\\":\\"Test\\"}",
    ],
    Array [
      "Test",
    ],
    Object {
      "id": "foo",
      "name": "ba",
    },
  ],
  Array [
    Array [
      "createUser",
      "{\\"0\\":{\\"name\\":\\"create_TEST_2\\"}}",
    ],
    Array [
      Object {
        "name": "create_TEST_2",
      },
    ],
    Promise {},
  ],
  Array [
    Array [
      "createUser",
      "{\\"0\\":{\\"name\\":\\"create_TEST\\"}}",
    ],
    Array [
      Object {
        "name": "create_TEST",
      },
    ],
    Promise {},
  ],
]
`;
